127.0.0.1 - - [19/Feb/2019:00:00:06 +0530] "POST /TwadService/Services/DashboardService/paymentPendingList HTTP/1.1" 200 12
0:0:0:0:0:0:0:1 - - [19/Feb/2019:00:00:06 +0530] "GET /TwadWeb/paymentPendingList.do HTTP/1.1" 200 17678
0:0:0:0:0:0:0:1 - - [19/Feb/2019:00:00:06 +0530] "GET /TwadWeb/assets/plugins/dataTables/jquery.dataTables.js HTTP/1.1" 404 2620
0:0:0:0:0:0:0:1 - - [19/Feb/2019:00:00:06 +0530] "GET /TwadWeb/assets/plugins/dataTables/dataTables.bootstrap.js HTTP/1.1" 404 2620
0:0:0:0:0:0:0:1 - - [19/Feb/2019:00:00:06 +0530] "GET /TwadWeb/assets/plugins/dataTables/jquery.dataTables.js HTTP/1.1" 404 2620
0:0:0:0:0:0:0:1 - - [19/Feb/2019:00:00:06 +0530] "GET /TwadWeb/assets/plugins/dataTables/dataTables.bootstrap.js HTTP/1.1" 404 2620
0:0:0:0:0:0:0:1 - - [19/Feb/2019:00:00:06 +0530] "GET /TwadWeb/library/assets/plugins/images/sort_asc.png HTTP/1.1" 404 2620
127.0.0.1 - - [19/Feb/2019:00:01:45 +0530] "POST /TwadService/Services/DashboardService/paymentPendingList HTTP/1.1" 200 12
0:0:0:0:0:0:0:1 - - [19/Feb/2019:00:01:45 +0530] "GET /TwadWeb/paymentPendingList.do HTTP/1.1" 200 17678
0:0:0:0:0:0:0:1 - - [19/Feb/2019:00:01:45 +0530] "GET /TwadWeb/assets/plugins/dataTables/dataTables.bootstrap.js HTTP/1.1" 404 2620
0:0:0:0:0:0:0:1 - - [19/Feb/2019:00:01:45 +0530] "GET /TwadWeb/assets/plugins/dataTables/jquery.dataTables.js HTTP/1.1" 404 2620
0:0:0:0:0:0:0:1 - - [19/Feb/2019:00:01:45 +0530] "GET /TwadWeb/assets/plugins/dataTables/jquery.dataTables.js HTTP/1.1" 404 2620
0:0:0:0:0:0:0:1 - - [19/Feb/2019:00:01:46 +0530] "GET /TwadWeb/assets/plugins/dataTables/dataTables.bootstrap.js HTTP/1.1" 404 2620
0:0:0:0:0:0:0:1 - - [19/Feb/2019:00:01:46 +0530] "GET /TwadWeb/library/assets/plugins/images/sort_asc.png HTTP/1.1" 404 2620
127.0.0.1 - - [19/Feb/2019:00:01:48 +0530] "POST /TwadService/Services/DashboardService/listViewAllApplication HTTP/1.1" 200 12
0:0:0:0:0:0:0:1 - - [19/Feb/2019:00:01:48 +0530] "GET /TwadWeb/paymentViewAll.do HTTP/1.1" 200 16889
0:0:0:0:0:0:0:1 - - [19/Feb/2019:00:01:48 +0530] "GET /TwadWeb/assets/plugins/dataTables/jquery.dataTables.js HTTP/1.1" 404 2620
0:0:0:0:0:0:0:1 - - [19/Feb/2019:00:01:48 +0530] "GET /TwadWeb/assets/plugins/dataTables/dataTables.bootstrap.js HTTP/1.1" 404 2620
0:0:0:0:0:0:0:1 - - [19/Feb/2019:00:01:48 +0530] "GET /TwadWeb/assets/plugins/dataTables/jquery.dataTables.js HTTP/1.1" 404 2620
0:0:0:0:0:0:0:1 - - [19/Feb/2019:00:01:48 +0530] "GET /TwadWeb/assets/plugins/dataTables/dataTables.bootstrap.js HTTP/1.1" 404 2620
0:0:0:0:0:0:0:1 - - [19/Feb/2019:00:01:48 +0530] "GET /TwadWeb/library/assets/plugins/images/sort_both.png HTTP/1.1" 404 2620
127.0.0.1 - - [19/Feb/2019:00:02:11 +0530] "POST /TwadService/Services/DashboardService/paymentPendingList HTTP/1.1" 200 12
0:0:0:0:0:0:0:1 - - [19/Feb/2019:00:02:11 +0530] "GET /TwadWeb/paymentPendingList.do HTTP/1.1" 200 17678
0:0:0:0:0:0:0:1 - - [19/Feb/2019:00:02:11 +0530] "GET /TwadWeb/assets/plugins/dataTables/dataTables.bootstrap.js HTTP/1.1" 404 2620
0:0:0:0:0:0:0:1 - - [19/Feb/2019:00:02:11 +0530] "GET /TwadWeb/assets/plugins/dataTables/jquery.dataTables.js HTTP/1.1" 404 2620
0:0:0:0:0:0:0:1 - - [19/Feb/2019:00:02:11 +0530] "GET /TwadWeb/assets/plugins/dataTables/jquery.dataTables.js HTTP/1.1" 404 2620
0:0:0:0:0:0:0:1 - - [19/Feb/2019:00:02:11 +0530] "GET /TwadWeb/assets/plugins/dataTables/dataTables.bootstrap.js HTTP/1.1" 404 2620
127.0.0.1 - - [19/Feb/2019:00:03:36 +0530] "GET / HTTP/1.1" 404 951
127.0.0.1 - - [19/Feb/2019:00:07:56 +0530] "POST /TwadService/Services/DashboardService/paymentPendingList HTTP/1.1" 500 2025
0:0:0:0:0:0:0:1 - - [19/Feb/2019:00:07:56 +0530] "GET /TwadWeb/paymentPendingList.do HTTP/1.1" 500 2620
127.0.0.1 - - [19/Feb/2019:00:12:50 +0530] "POST /TwadService/Services/DashboardService/paymentPendingList HTTP/1.1" 500 2025
0:0:0:0:0:0:0:1 - - [19/Feb/2019:00:12:50 +0530] "GET /TwadWeb/paymentPendingList.do HTTP/1.1" 500 2620
127.0.0.1 - - [19/Feb/2019:00:17:32 +0530] "POST /TwadService/Services/DashboardService/paymentPendingList HTTP/1.1" 500 2025
0:0:0:0:0:0:0:1 - - [19/Feb/2019:00:17:32 +0530] "GET /TwadWeb/paymentPendingList.do HTTP/1.1" 500 2620
127.0.0.1 - - [19/Feb/2019:00:18:42 +0530] "POST /TwadService/Services/DashboardService/paymentPendingList HTTP/1.1" 200 251
0:0:0:0:0:0:0:1 - - [19/Feb/2019:00:18:42 +0530] "GET /TwadWeb/paymentPendingList.do HTTP/1.1" 500 2620
127.0.0.1 - - [19/Feb/2019:00:20:29 +0530] "POST /TwadService/Services/DashboardService/paymentPendingList HTTP/1.1" 200 251
0:0:0:0:0:0:0:1 - - [19/Feb/2019:00:20:31 +0530] "GET /TwadWeb/paymentPendingList.do HTTP/1.1" 200 18822
0:0:0:0:0:0:0:1 - - [19/Feb/2019:00:20:31 +0530] "GET /TwadWeb/assets/plugins/dataTables/jquery.dataTables.js HTTP/1.1" 404 2620
0:0:0:0:0:0:0:1 - - [19/Feb/2019:00:20:31 +0530] "GET /TwadWeb/assets/plugins/dataTables/dataTables.bootstrap.js HTTP/1.1" 404 2620
0:0:0:0:0:0:0:1 - - [19/Feb/2019:00:20:31 +0530] "GET /TwadWeb/assets/plugins/dataTables/jquery.dataTables.js HTTP/1.1" 404 2620
0:0:0:0:0:0:0:1 - - [19/Feb/2019:00:20:31 +0530] "GET /TwadWeb/assets/plugins/dataTables/dataTables.bootstrap.js HTTP/1.1" 404 2620
0:0:0:0:0:0:0:1 - - [19/Feb/2019:00:20:31 +0530] "GET /TwadWeb/library/assets/plugins/images/sort_asc.png HTTP/1.1" 404 2620
127.0.0.1 - - [19/Feb/2019:00:23:47 +0530] "POST /TwadService/Services/DashboardService/paymentPendingList HTTP/1.1" 200 251
0:0:0:0:0:0:0:1 - - [19/Feb/2019:00:23:47 +0530] "GET /TwadWeb/paymentPendingList.do HTTP/1.1" 200 18826
0:0:0:0:0:0:0:1 - - [19/Feb/2019:00:23:47 +0530] "GET /TwadWeb/assets/plugins/dataTables/dataTables.bootstrap.js HTTP/1.1" 404 2620
0:0:0:0:0:0:0:1 - - [19/Feb/2019:00:23:47 +0530] "GET /TwadWeb/assets/plugins/dataTables/jquery.dataTables.js HTTP/1.1" 404 2620
0:0:0:0:0:0:0:1 - - [19/Feb/2019:00:23:48 +0530] "GET /TwadWeb/assets/plugins/dataTables/dataTables.bootstrap.js HTTP/1.1" 404 2620
0:0:0:0:0:0:0:1 - - [19/Feb/2019:00:23:48 +0530] "GET /TwadWeb/library/assets/plugins/images/sort_asc.png HTTP/1.1" 404 2620
127.0.0.1 - - [19/Feb/2019:00:25:53 +0530] "POST /TwadService/Services/DashboardService/paymentPendingList HTTP/1.1" 200 251
0:0:0:0:0:0:0:1 - - [19/Feb/2019:00:25:53 +0530] "GET /TwadWeb/paymentPendingList.do HTTP/1.1" 200 18841
0:0:0:0:0:0:0:1 - - [19/Feb/2019:00:25:53 +0530] "GET /TwadWeb/assets/plugins/dataTables/jquery.dataTables.js HTTP/1.1" 404 2620
0:0:0:0:0:0:0:1 - - [19/Feb/2019:00:25:53 +0530] "GET /TwadWeb/assets/plugins/dataTables/dataTables.bootstrap.js HTTP/1.1" 404 2620
0:0:0:0:0:0:0:1 - - [19/Feb/2019:00:25:53 +0530] "GET /TwadWeb/assets/plugins/dataTables/jquery.dataTables.js HTTP/1.1" 404 2620
0:0:0:0:0:0:0:1 - - [19/Feb/2019:00:25:53 +0530] "GET /TwadWeb/assets/plugins/dataTables/dataTables.bootstrap.js HTTP/1.1" 404 2620
0:0:0:0:0:0:0:1 - - [19/Feb/2019:00:25:54 +0530] "GET /TwadWeb/library/assets/plugins/images/sort_asc.png HTTP/1.1" 404 2620
127.0.0.1 - - [19/Feb/2019:00:28:13 +0530] "POST /TwadService/Services/DashboardService/paymentPendingList HTTP/1.1" 200 251
0:0:0:0:0:0:0:1 - - [19/Feb/2019:00:28:13 +0530] "GET /TwadWeb/paymentPendingList.do HTTP/1.1" 200 18874
0:0:0:0:0:0:0:1 - - [19/Feb/2019:00:28:13 +0530] "GET /TwadWeb/assets/plugins/dataTables/jquery.dataTables.js HTTP/1.1" 404 2620
0:0:0:0:0:0:0:1 - - [19/Feb/2019:00:28:13 +0530] "GET /TwadWeb/assets/plugins/dataTables/dataTables.bootstrap.js HTTP/1.1" 404 2620
0:0:0:0:0:0:0:1 - - [19/Feb/2019:00:28:13 +0530] "GET /TwadWeb/assets/plugins/dataTables/jquery.dataTables.js HTTP/1.1" 404 2620
0:0:0:0:0:0:0:1 - - [19/Feb/2019:00:28:14 +0530] "GET /TwadWeb/assets/plugins/dataTables/dataTables.bootstrap.js HTTP/1.1" 404 2620
0:0:0:0:0:0:0:1 - - [19/Feb/2019:00:28:14 +0530] "GET /TwadWeb/library/assets/plugins/images/sort_asc.png HTTP/1.1" 404 2620
127.0.0.1 - - [19/Feb/2019:00:30:42 +0530] "POST /TwadService/Services/DashboardService/paymentPendingList HTTP/1.1" 200 251
0:0:0:0:0:0:0:1 - - [19/Feb/2019:00:30:42 +0530] "GET /TwadWeb/paymentPendingList.do HTTP/1.1" 200 18849
0:0:0:0:0:0:0:1 - - [19/Feb/2019:00:30:42 +0530] "GET /TwadWeb/assets/plugins/dataTables/jquery.dataTables.js HTTP/1.1" 404 2620
0:0:0:0:0:0:0:1 - - [19/Feb/2019:00:30:42 +0530] "GET /TwadWeb/assets/plugins/dataTables/dataTables.bootstrap.js HTTP/1.1" 404 2620
0:0:0:0:0:0:0:1 - - [19/Feb/2019:00:30:42 +0530] "GET /TwadWeb/assets/plugins/dataTables/jquery.dataTables.js HTTP/1.1" 404 2620
0:0:0:0:0:0:0:1 - - [19/Feb/2019:00:30:42 +0530] "GET /TwadWeb/assets/plugins/dataTables/dataTables.bootstrap.js HTTP/1.1" 404 2620
0:0:0:0:0:0:0:1 - - [19/Feb/2019:00:30:42 +0530] "GET /TwadWeb/library/assets/plugins/images/sort_asc.png HTTP/1.1" 404 2620
0:0:0:0:0:0:0:1 - - [19/Feb/2019:00:30:52 +0530] "POST /TwadWeb/ddPaymentApproved.do HTTP/1.1" 405 1047
127.0.0.1 - - [19/Feb/2019:00:31:43 +0530] "POST /TwadService/Services/DashboardService/ddPaymentApproved HTTP/1.1" 200 21
0:0:0:0:0:0:0:1 - - [19/Feb/2019:00:31:43 +0530] "POST /TwadWeb/ddPaymentApproved.do HTTP/1.1" 405 -
127.0.0.1 - - [19/Feb/2019:00:31:48 +0530] "POST /TwadService/Services/DashboardService/ddPaymentApproved HTTP/1.1" 200 21
0:0:0:0:0:0:0:1 - - [19/Feb/2019:00:31:48 +0530] "POST /TwadWeb/ddPaymentApproved.do HTTP/1.1" 405 -
127.0.0.1 - - [19/Feb/2019:00:31:59 +0530] "POST /TwadService/Services/DashboardService/paymentPendingList HTTP/1.1" 200 12
0:0:0:0:0:0:0:1 - - [19/Feb/2019:00:32:00 +0530] "GET /TwadWeb/paymentPendingList.do HTTP/1.1" 200 17705
0:0:0:0:0:0:0:1 - - [19/Feb/2019:00:32:00 +0530] "GET /TwadWeb/assets/plugins/dataTables/dataTables.bootstrap.js HTTP/1.1" 404 2620
0:0:0:0:0:0:0:1 - - [19/Feb/2019:00:32:00 +0530] "GET /TwadWeb/assets/plugins/dataTables/jquery.dataTables.js HTTP/1.1" 404 2620
0:0:0:0:0:0:0:1 - - [19/Feb/2019:00:32:00 +0530] "GET /TwadWeb/assets/plugins/dataTables/jquery.dataTables.js HTTP/1.1" 404 2620
0:0:0:0:0:0:0:1 - - [19/Feb/2019:00:32:00 +0530] "GET /TwadWeb/assets/plugins/dataTables/dataTables.bootstrap.js HTTP/1.1" 404 2620
0:0:0:0:0:0:0:1 - - [19/Feb/2019:00:32:00 +0530] "GET /TwadWeb/library/assets/plugins/images/sort_asc.png HTTP/1.1" 404 2620
0:0:0:0:0:0:0:1 - - [19/Feb/2019:00:32:09 +0530] "GET /TwadWeb/paymentApproved.do HTTP/1.1" 404 2620
0:0:0:0:0:0:0:1 - - [19/Feb/2019:00:39:40 +0530] "GET /TwadWeb/paymentApproved.do HTTP/1.1" 404 2620
127.0.0.1 - - [19/Feb/2019:00:39:59 +0530] "POST /TwadService/Services/DashboardService/paymentPendingList HTTP/1.1" 200 12
0:0:0:0:0:0:0:1 - - [19/Feb/2019:00:40:00 +0530] "GET /TwadWeb/paymentPendingList.do HTTP/1.1" 200 17709
0:0:0:0:0:0:0:1 - - [19/Feb/2019:00:40:00 +0530] "GET /TwadWeb/assets/plugins/dataTables/jquery.dataTables.js HTTP/1.1" 404 2620
0:0:0:0:0:0:0:1 - - [19/Feb/2019:00:40:00 +0530] "GET /TwadWeb/assets/plugins/dataTables/dataTables.bootstrap.js HTTP/1.1" 404 2620
0:0:0:0:0:0:0:1 - - [19/Feb/2019:00:40:00 +0530] "GET /TwadWeb/assets/plugins/dataTables/jquery.dataTables.js HTTP/1.1" 404 2620
0:0:0:0:0:0:0:1 - - [19/Feb/2019:00:40:00 +0530] "GET /TwadWeb/assets/plugins/dataTables/dataTables.bootstrap.js HTTP/1.1" 404 2620
0:0:0:0:0:0:0:1 - - [19/Feb/2019:00:40:00 +0530] "GET /TwadWeb/library/assets/plugins/images/sort_asc.png HTTP/1.1" 404 2620
127.0.0.1 - - [19/Feb/2019:00:40:06 +0530] "GET /TwadService/Services/DashboardService/paymentApprovedList HTTP/1.1" 200 12
0:0:0:0:0:0:0:1 - - [19/Feb/2019:00:40:07 +0530] "GET /TwadWeb/paymentApprovedList.do HTTP/1.1" 200 16705
0:0:0:0:0:0:0:1 - - [19/Feb/2019:00:40:07 +0530] "GET /TwadWeb/assets/plugins/dataTables/dataTables.bootstrap.js HTTP/1.1" 404 2620
0:0:0:0:0:0:0:1 - - [19/Feb/2019:00:40:07 +0530] "GET /TwadWeb/assets/plugins/dataTables/jquery.dataTables.js HTTP/1.1" 404 2620
0:0:0:0:0:0:0:1 - - [19/Feb/2019:00:40:07 +0530] "GET /TwadWeb/assets/plugins/dataTables/jquery.dataTables.js HTTP/1.1" 404 2620
0:0:0:0:0:0:0:1 - - [19/Feb/2019:00:40:07 +0530] "GET /TwadWeb/assets/plugins/dataTables/dataTables.bootstrap.js HTTP/1.1" 404 2620
0:0:0:0:0:0:0:1 - - [19/Feb/2019:00:40:07 +0530] "GET /TwadWeb/library/assets/plugins/images/sort_both.png HTTP/1.1" 404 2620
0:0:0:0:0:0:0:1 - - [19/Feb/2019:00:40:07 +0530] "GET /TwadWeb/library/assets/plugins/images/sort_asc.png HTTP/1.1" 404 2620
127.0.0.1 - - [19/Feb/2019:00:42:21 +0530] "GET /TwadService/Services/DashboardService/paymentApprovedList HTTP/1.1" 200 12
0:0:0:0:0:0:0:1 - - [19/Feb/2019:00:42:21 +0530] "GET /TwadWeb/paymentApprovedList.do HTTP/1.1" 200 16705
0:0:0:0:0:0:0:1 - - [19/Feb/2019:00:42:21 +0530] "GET /TwadWeb/assets/plugins/dataTables/jquery.dataTables.js HTTP/1.1" 404 2620
0:0:0:0:0:0:0:1 - - [19/Feb/2019:00:42:21 +0530] "GET /TwadWeb/assets/plugins/dataTables/dataTables.bootstrap.js HTTP/1.1" 404 2620
0:0:0:0:0:0:0:1 - - [19/Feb/2019:00:42:21 +0530] "GET /TwadWeb/assets/plugins/dataTables/jquery.dataTables.js HTTP/1.1" 404 2620
0:0:0:0:0:0:0:1 - - [19/Feb/2019:00:42:21 +0530] "GET /TwadWeb/assets/plugins/dataTables/dataTables.bootstrap.js HTTP/1.1" 404 2620
0:0:0:0:0:0:0:1 - - [19/Feb/2019:00:42:22 +0530] "GET /TwadWeb/library/assets/plugins/images/sort_both.png HTTP/1.1" 404 2620
0:0:0:0:0:0:0:1 - - [19/Feb/2019:00:42:22 +0530] "GET /TwadWeb/library/assets/plugins/images/sort_asc.png HTTP/1.1" 404 2620
127.0.0.1 - - [19/Feb/2019:00:44:15 +0530] "GET /TwadService/Services/DashboardService/paymentApprovedList HTTP/1.1" 500 2025
0:0:0:0:0:0:0:1 - - [19/Feb/2019:00:44:15 +0530] "GET /TwadWeb/paymentApprovedList.do HTTP/1.1" 500 2620
127.0.0.1 - - [19/Feb/2019:00:44:52 +0530] "GET /TwadService/Services/DashboardService/paymentApprovedList HTTP/1.1" 200 284
0:0:0:0:0:0:0:1 - - [19/Feb/2019:00:44:52 +0530] "GET /TwadWeb/paymentApprovedList.do HTTP/1.1" 200 17556
0:0:0:0:0:0:0:1 - - [19/Feb/2019:00:44:52 +0530] "GET /TwadWeb/assets/plugins/dataTables/jquery.dataTables.js HTTP/1.1" 404 2620
0:0:0:0:0:0:0:1 - - [19/Feb/2019:00:44:52 +0530] "GET /TwadWeb/assets/plugins/dataTables/dataTables.bootstrap.js HTTP/1.1" 404 2620
0:0:0:0:0:0:0:1 - - [19/Feb/2019:00:44:53 +0530] "GET /TwadWeb/assets/plugins/dataTables/jquery.dataTables.js HTTP/1.1" 404 2620
0:0:0:0:0:0:0:1 - - [19/Feb/2019:00:44:53 +0530] "GET /TwadWeb/assets/plugins/dataTables/dataTables.bootstrap.js HTTP/1.1" 404 2620
0:0:0:0:0:0:0:1 - - [19/Feb/2019:00:44:53 +0530] "GET /TwadWeb/library/assets/plugins/images/sort_both.png HTTP/1.1" 404 2620
0:0:0:0:0:0:0:1 - - [19/Feb/2019:00:44:53 +0530] "GET /TwadWeb/library/assets/plugins/images/sort_asc.png HTTP/1.1" 404 2620
0:0:0:0:0:0:0:1 - - [19/Feb/2019:00:45:10 +0530] "GET /TwadWeb/PaymentViewForm.do?appId=WI20190002 HTTP/1.1" 404 2620
127.0.0.1 - - [19/Feb/2019:00:59:02 +0530] "GET / HTTP/1.1" 404 951
0:0:0:0:0:0:0:1 - - [19/Feb/2019:00:59:03 +0530] "GET /TwadWeb/ HTTP/1.1" 200 13126
0:0:0:0:0:0:0:1 - - [19/Feb/2019:00:59:09 +0530] "GET /TwadWeb/initialPayment.do HTTP/1.1" 200 6967
0:0:0:0:0:0:0:1 - - [19/Feb/2019:00:59:09 +0530] "GET /TwadWeb/library/img/border_bg.gif HTTP/1.1" 404 2620
127.0.0.1 - - [19/Feb/2019:00:59:43 +0530] "POST /TwadService/Services/ApplicationService/saveDDPaymentDtls HTTP/1.1" 200 46
0:0:0:0:0:0:0:1 - - [19/Feb/2019:00:59:43 +0530] "POST /TwadWeb/saveDDPaymentDtls.do HTTP/1.1" 200 35
0:0:0:0:0:0:0:1 - - [19/Feb/2019:01:00:01 +0530] "GET /TwadWeb/paymentPendingList.do HTTP/1.1" 302 -
0:0:0:0:0:0:0:1 - - [19/Feb/2019:01:00:01 +0530] "GET /TwadWeb/index.do HTTP/1.1" 200 13126
0:0:0:0:0:0:0:1 - - [19/Feb/2019:01:00:06 +0530] "GET /TwadWeb/adminLogin.do HTTP/1.1" 200 10185
127.0.0.1 - - [19/Feb/2019:01:00:08 +0530] "POST /TwadService/Services/EmployeeService/authenticateUser HTTP/1.1" 200 85
0:0:0:0:0:0:0:1 - - [19/Feb/2019:01:00:08 +0530] "POST /TwadWeb/validate.do HTTP/1.1" 302 -
127.0.0.1 - - [19/Feb/2019:01:00:09 +0530] "POST /TwadService/Services/DashboardService/getPaymentDashboardCount HTTP/1.1" 200 12
127.0.0.1 - - [19/Feb/2019:01:00:09 +0530] "POST /TwadService/Services/DashboardService/getPublicDashboardCount HTTP/1.1" 200 12
0:0:0:0:0:0:0:1 - - [19/Feb/2019:01:00:10 +0530] "GET /TwadWeb/paymentDashboard.do HTTP/1.1" 200 18901
127.0.0.1 - - [19/Feb/2019:01:00:15 +0530] "POST /TwadService/Services/DashboardService/paymentPendingList HTTP/1.1" 200 250
0:0:0:0:0:0:0:1 - - [19/Feb/2019:01:00:16 +0530] "GET /TwadWeb/paymentPendingList.do HTTP/1.1" 200 18898
0:0:0:0:0:0:0:1 - - [19/Feb/2019:01:00:16 +0530] "GET /TwadWeb/assets/plugins/dataTables/jquery.dataTables.js HTTP/1.1" 404 2620
0:0:0:0:0:0:0:1 - - [19/Feb/2019:01:00:16 +0530] "GET /TwadWeb/assets/plugins/dataTables/dataTables.bootstrap.js HTTP/1.1" 404 2620
0:0:0:0:0:0:0:1 - - [19/Feb/2019:01:00:16 +0530] "GET /TwadWeb/assets/plugins/dataTables/jquery.dataTables.js HTTP/1.1" 404 2620
0:0:0:0:0:0:0:1 - - [19/Feb/2019:01:00:16 +0530] "GET /TwadWeb/assets/plugins/dataTables/dataTables.bootstrap.js HTTP/1.1" 404 2620
0:0:0:0:0:0:0:1 - - [19/Feb/2019:01:00:16 +0530] "GET /TwadWeb/library/assets/plugins/images/sort_asc.png HTTP/1.1" 404 2620
127.0.0.1 - - [19/Feb/2019:01:00:38 +0530] "POST /TwadService/Services/DashboardService/ddPaymentRejected HTTP/1.1" 200 21
0:0:0:0:0:0:0:1 - - [19/Feb/2019:01:00:38 +0530] "POST /TwadWeb/ddPaymentRejected.do HTTP/1.1" 200 11
127.0.0.1 - - [19/Feb/2019:01:00:39 +0530] "POST /TwadService/Services/DashboardService/paymentPendingList HTTP/1.1" 200 12
0:0:0:0:0:0:0:1 - - [19/Feb/2019:01:00:39 +0530] "GET /TwadWeb/paymentPendingList.do HTTP/1.1" 200 17754
0:0:0:0:0:0:0:1 - - [19/Feb/2019:01:00:39 +0530] "GET /TwadWeb/assets/plugins/dataTables/jquery.dataTables.js HTTP/1.1" 404 2620
0:0:0:0:0:0:0:1 - - [19/Feb/2019:01:00:39 +0530] "GET /TwadWeb/assets/plugins/dataTables/dataTables.bootstrap.js HTTP/1.1" 404 2620
0:0:0:0:0:0:0:1 - - [19/Feb/2019:01:00:39 +0530] "GET /TwadWeb/assets/plugins/dataTables/jquery.dataTables.js HTTP/1.1" 404 2620
0:0:0:0:0:0:0:1 - - [19/Feb/2019:01:00:39 +0530] "GET /TwadWeb/assets/plugins/dataTables/dataTables.bootstrap.js HTTP/1.1" 404 2620
0:0:0:0:0:0:0:1 - - [19/Feb/2019:01:00:39 +0530] "GET /TwadWeb/library/assets/plugins/images/sort_asc.png HTTP/1.1" 404 2620
127.0.0.1 - - [19/Feb/2019:01:00:44 +0530] "GET /TwadService/Services/DashboardService/paymentRejectedList HTTP/1.1" 200 283
0:0:0:0:0:0:0:1 - - [19/Feb/2019:01:00:44 +0530] "GET /TwadWeb/paymentRejectedList.do HTTP/1.1" 500 2620
127.0.0.1 - - [19/Feb/2019:01:03:23 +0530] "GET /TwadService/Services/DashboardService/paymentRejectedList HTTP/1.1" 200 283
0:0:0:0:0:0:0:1 - - [19/Feb/2019:01:03:23 +0530] "GET /TwadWeb/paymentRejectedList.do HTTP/1.1" 500 2620
127.0.0.1 - - [19/Feb/2019:01:04:38 +0530] "GET / HTTP/1.1" 404 951
0:0:0:0:0:0:0:1 - - [19/Feb/2019:01:04:39 +0530] "GET /TwadWeb/ HTTP/1.1" 200 13126
0:0:0:0:0:0:0:1 - - [19/Feb/2019:01:04:43 +0530] "GET /TwadWeb/adminLogin.do HTTP/1.1" 200 10185
127.0.0.1 - - [19/Feb/2019:01:04:49 +0530] "POST /TwadService/Services/EmployeeService/authenticateUser HTTP/1.1" 200 85
0:0:0:0:0:0:0:1 - - [19/Feb/2019:01:04:49 +0530] "POST /TwadWeb/validate.do HTTP/1.1" 302 -
127.0.0.1 - - [19/Feb/2019:01:04:49 +0530] "POST /TwadService/Services/DashboardService/getPaymentDashboardCount HTTP/1.1" 200 12
127.0.0.1 - - [19/Feb/2019:01:04:49 +0530] "POST /TwadService/Services/DashboardService/getPublicDashboardCount HTTP/1.1" 200 12
0:0:0:0:0:0:0:1 - - [19/Feb/2019:01:04:49 +0530] "GET /TwadWeb/paymentDashboard.do HTTP/1.1" 200 18901
127.0.0.1 - - [19/Feb/2019:01:04:52 +0530] "GET /TwadService/Services/DashboardService/paymentRejectedList HTTP/1.1" 200 283
0:0:0:0:0:0:0:1 - - [19/Feb/2019:01:04:54 +0530] "GET /TwadWeb/paymentRejectedList.do HTTP/1.1" 200 17597
0:0:0:0:0:0:0:1 - - [19/Feb/2019:01:04:54 +0530] "GET /TwadWeb/assets/plugins/dataTables/jquery.dataTables.js HTTP/1.1" 404 2620
0:0:0:0:0:0:0:1 - - [19/Feb/2019:01:04:54 +0530] "GET /TwadWeb/assets/plugins/dataTables/dataTables.bootstrap.js HTTP/1.1" 404 2620
0:0:0:0:0:0:0:1 - - [19/Feb/2019:01:04:54 +0530] "GET /TwadWeb/assets/plugins/dataTables/jquery.dataTables.js HTTP/1.1" 404 2620
0:0:0:0:0:0:0:1 - - [19/Feb/2019:01:04:54 +0530] "GET /TwadWeb/assets/plugins/dataTables/dataTables.bootstrap.js HTTP/1.1" 404 2620
0:0:0:0:0:0:0:1 - - [19/Feb/2019:01:04:54 +0530] "GET /TwadWeb/library/assets/plugins/images/sort_both.png HTTP/1.1" 404 2620
0:0:0:0:0:0:0:1 - - [19/Feb/2019:01:04:54 +0530] "GET /TwadWeb/library/assets/plugins/images/sort_asc.png HTTP/1.1" 404 2620
127.0.0.1 - - [19/Feb/2019:01:05:17 +0530] "GET /TwadService/Services/DashboardService/paymentApprovedList HTTP/1.1" 200 284
0:0:0:0:0:0:0:1 - - [19/Feb/2019:01:05:17 +0530] "GET /TwadWeb/paymentApprovedList.do HTTP/1.1" 200 17601
0:0:0:0:0:0:0:1 - - [19/Feb/2019:01:05:17 +0530] "GET /TwadWeb/assets/plugins/dataTables/jquery.dataTables.js HTTP/1.1" 404 2620
0:0:0:0:0:0:0:1 - - [19/Feb/2019:01:05:17 +0530] "GET /TwadWeb/assets/plugins/dataTables/dataTables.bootstrap.js HTTP/1.1" 404 2620
0:0:0:0:0:0:0:1 - - [19/Feb/2019:01:05:17 +0530] "GET /TwadWeb/assets/plugins/dataTables/jquery.dataTables.js HTTP/1.1" 404 2620
0:0:0:0:0:0:0:1 - - [19/Feb/2019:01:05:17 +0530] "GET /TwadWeb/assets/plugins/dataTables/dataTables.bootstrap.js HTTP/1.1" 404 2620
0:0:0:0:0:0:0:1 - - [19/Feb/2019:01:05:17 +0530] "GET /TwadWeb/library/assets/plugins/images/sort_both.png HTTP/1.1" 404 2620
0:0:0:0:0:0:0:1 - - [19/Feb/2019:01:05:17 +0530] "GET /TwadWeb/library/assets/plugins/images/sort_asc.png HTTP/1.1" 404 2620
127.0.0.1 - - [19/Feb/2019:01:05:21 +0530] "POST /TwadService/Services/DashboardService/paymentPendingList HTTP/1.1" 200 12
0:0:0:0:0:0:0:1 - - [19/Feb/2019:01:05:21 +0530] "GET /TwadWeb/paymentPendingList.do HTTP/1.1" 200 17754
0:0:0:0:0:0:0:1 - - [19/Feb/2019:01:05:21 +0530] "GET /TwadWeb/assets/plugins/dataTables/dataTables.bootstrap.js HTTP/1.1" 404 2620
0:0:0:0:0:0:0:1 - - [19/Feb/2019:01:05:21 +0530] "GET /TwadWeb/assets/plugins/dataTables/jquery.dataTables.js HTTP/1.1" 404 2620
0:0:0:0:0:0:0:1 - - [19/Feb/2019:01:05:21 +0530] "GET /TwadWeb/assets/plugins/dataTables/jquery.dataTables.js HTTP/1.1" 404 2620
0:0:0:0:0:0:0:1 - - [19/Feb/2019:01:05:21 +0530] "GET /TwadWeb/assets/plugins/dataTables/dataTables.bootstrap.js HTTP/1.1" 404 2620
0:0:0:0:0:0:0:1 - - [19/Feb/2019:01:05:21 +0530] "GET /TwadWeb/library/assets/plugins/images/sort_asc.png HTTP/1.1" 404 2620
127.0.0.1 - - [19/Feb/2019:01:05:34 +0530] "POST /TwadService/Services/DashboardService/getPaymentDashboardCount HTTP/1.1" 200 12
127.0.0.1 - - [19/Feb/2019:01:05:34 +0530] "POST /TwadService/Services/DashboardService/getPublicDashboardCount HTTP/1.1" 200 12
0:0:0:0:0:0:0:1 - - [19/Feb/2019:01:05:34 +0530] "GET /TwadWeb/paymentDashboard.do HTTP/1.1" 200 18901
127.0.0.1 - - [19/Feb/2019:01:06:35 +0530] "POST /TwadService/Services/DashboardService/getPaymentDashboardCount HTTP/1.1" 200 12
127.0.0.1 - - [19/Feb/2019:01:06:35 +0530] "POST /TwadService/Services/DashboardService/getPublicDashboardCount HTTP/1.1" 200 12
0:0:0:0:0:0:0:1 - - [19/Feb/2019:01:06:35 +0530] "GET /TwadWeb/paymentDashboard.do HTTP/1.1" 200 18901
127.0.0.1 - - [19/Feb/2019:01:06:38 +0530] "GET /TwadService/Services/DashboardService/paymentRejectedList HTTP/1.1" 200 283
0:0:0:0:0:0:0:1 - - [19/Feb/2019:01:06:38 +0530] "GET /TwadWeb/paymentRejectedList.do HTTP/1.1" 200 17597
0:0:0:0:0:0:0:1 - - [19/Feb/2019:01:06:38 +0530] "GET /TwadWeb/assets/plugins/dataTables/jquery.dataTables.js HTTP/1.1" 404 2620
0:0:0:0:0:0:0:1 - - [19/Feb/2019:01:06:38 +0530] "GET /TwadWeb/assets/plugins/dataTables/dataTables.bootstrap.js HTTP/1.1" 404 2620
0:0:0:0:0:0:0:1 - - [19/Feb/2019:01:06:38 +0530] "GET /TwadWeb/assets/plugins/dataTables/jquery.dataTables.js HTTP/1.1" 404 2620
0:0:0:0:0:0:0:1 - - [19/Feb/2019:01:06:38 +0530] "GET /TwadWeb/assets/plugins/dataTables/dataTables.bootstrap.js HTTP/1.1" 404 2620
0:0:0:0:0:0:0:1 - - [19/Feb/2019:01:06:38 +0530] "GET /TwadWeb/library/assets/plugins/images/sort_both.png HTTP/1.1" 404 2620
0:0:0:0:0:0:0:1 - - [19/Feb/2019:01:06:38 +0530] "GET /TwadWeb/library/assets/plugins/images/sort_asc.png HTTP/1.1" 404 2620
127.0.0.1 - - [19/Feb/2019:01:22:57 +0530] "GET / HTTP/1.1" 404 951
0:0:0:0:0:0:0:1 - - [19/Feb/2019:01:22:58 +0530] "GET /TwadWeb/ HTTP/1.1" 200 13126
0:0:0:0:0:0:0:1 - - [19/Feb/2019:01:23:00 +0530] "GET /TwadWeb/adminLogin.do HTTP/1.1" 200 10185
127.0.0.1 - - [19/Feb/2019:01:23:06 +0530] "POST /TwadService/Services/EmployeeService/authenticateUser HTTP/1.1" 200 85
0:0:0:0:0:0:0:1 - - [19/Feb/2019:01:23:06 +0530] "POST /TwadWeb/validate.do HTTP/1.1" 302 -
127.0.0.1 - - [19/Feb/2019:01:23:06 +0530] "POST /TwadService/Services/DashboardService/getPaymentDashboardCount HTTP/1.1" 200 12
127.0.0.1 - - [19/Feb/2019:01:23:06 +0530] "POST /TwadService/Services/DashboardService/getPublicDashboardCount HTTP/1.1" 200 12
0:0:0:0:0:0:0:1 - - [19/Feb/2019:01:23:06 +0530] "GET /TwadWeb/paymentDashboard.do HTTP/1.1" 500 2620
127.0.0.1 - - [19/Feb/2019:01:24:29 +0530] "POST /TwadService/Services/DashboardService/getPaymentDashboardCount HTTP/1.1" 200 12
127.0.0.1 - - [19/Feb/2019:01:24:30 +0530] "POST /TwadService/Services/DashboardService/getPublicDashboardCount HTTP/1.1" 200 12
0:0:0:0:0:0:0:1 - - [19/Feb/2019:01:24:32 +0530] "GET /TwadWeb/paymentDashboard.do HTTP/1.1" 200 18901
127.0.0.1 - - [19/Feb/2019:01:24:35 +0530] "GET /TwadService/Services/DashboardService/ddPaymentViewAllList HTTP/1.1" 200 554
0:0:0:0:0:0:0:1 - - [19/Feb/2019:01:24:36 +0530] "GET /TwadWeb/paymentViewAll.do HTTP/1.1" 200 18452
0:0:0:0:0:0:0:1 - - [19/Feb/2019:01:24:36 +0530] "GET /TwadWeb/assets/plugins/dataTables/jquery.dataTables.js HTTP/1.1" 404 2620
0:0:0:0:0:0:0:1 - - [19/Feb/2019:01:24:36 +0530] "GET /TwadWeb/assets/plugins/dataTables/dataTables.bootstrap.js HTTP/1.1" 404 2620
0:0:0:0:0:0:0:1 - - [19/Feb/2019:01:24:36 +0530] "GET /TwadWeb/assets/plugins/dataTables/jquery.dataTables.js HTTP/1.1" 404 2620
0:0:0:0:0:0:0:1 - - [19/Feb/2019:01:24:36 +0530] "GET /TwadWeb/assets/plugins/dataTables/dataTables.bootstrap.js HTTP/1.1" 404 2620
0:0:0:0:0:0:0:1 - - [19/Feb/2019:01:24:36 +0530] "GET /TwadWeb/library/assets/plugins/images/sort_both.png HTTP/1.1" 404 2620
0:0:0:0:0:0:0:1 - - [19/Feb/2019:01:24:36 +0530] "GET /TwadWeb/library/assets/plugins/images/sort_asc.png HTTP/1.1" 404 2620
127.0.0.1 - - [19/Feb/2019:01:24:44 +0530] "GET /TwadService/Services/DashboardService/paymentApprovedList HTTP/1.1" 200 284
0:0:0:0:0:0:0:1 - - [19/Feb/2019:01:24:45 +0530] "GET /TwadWeb/paymentApprovedList.do HTTP/1.1" 200 17601
0:0:0:0:0:0:0:1 - - [19/Feb/2019:01:24:45 +0530] "GET /TwadWeb/assets/plugins/dataTables/jquery.dataTables.js HTTP/1.1" 404 2620
0:0:0:0:0:0:0:1 - - [19/Feb/2019:01:24:45 +0530] "GET /TwadWeb/assets/plugins/dataTables/dataTables.bootstrap.js HTTP/1.1" 404 2620
0:0:0:0:0:0:0:1 - - [19/Feb/2019:01:24:45 +0530] "GET /TwadWeb/assets/plugins/dataTables/jquery.dataTables.js HTTP/1.1" 404 2620
0:0:0:0:0:0:0:1 - - [19/Feb/2019:01:24:45 +0530] "GET /TwadWeb/assets/plugins/dataTables/dataTables.bootstrap.js HTTP/1.1" 404 2620
0:0:0:0:0:0:0:1 - - [19/Feb/2019:01:24:45 +0530] "GET /TwadWeb/library/assets/plugins/images/sort_both.png HTTP/1.1" 404 2620
0:0:0:0:0:0:0:1 - - [19/Feb/2019:01:24:45 +0530] "GET /TwadWeb/library/assets/plugins/images/sort_asc.png HTTP/1.1" 404 2620
127.0.0.1 - - [19/Feb/2019:01:24:49 +0530] "GET /TwadService/Services/DashboardService/paymentRejectedList HTTP/1.1" 200 283
0:0:0:0:0:0:0:1 - - [19/Feb/2019:01:24:50 +0530] "GET /TwadWeb/paymentRejectedList.do HTTP/1.1" 200 17597
0:0:0:0:0:0:0:1 - - [19/Feb/2019:01:24:50 +0530] "GET /TwadWeb/assets/plugins/dataTables/jquery.dataTables.js HTTP/1.1" 404 2620
0:0:0:0:0:0:0:1 - - [19/Feb/2019:01:24:50 +0530] "GET /TwadWeb/assets/plugins/dataTables/dataTables.bootstrap.js HTTP/1.1" 404 2620
0:0:0:0:0:0:0:1 - - [19/Feb/2019:01:24:50 +0530] "GET /TwadWeb/assets/plugins/dataTables/jquery.dataTables.js HTTP/1.1" 404 2620
0:0:0:0:0:0:0:1 - - [19/Feb/2019:01:24:50 +0530] "GET /TwadWeb/assets/plugins/dataTables/dataTables.bootstrap.js HTTP/1.1" 404 2620
127.0.0.1 - - [19/Feb/2019:01:24:52 +0530] "POST /TwadService/Services/DashboardService/paymentPendingList HTTP/1.1" 200 12
0:0:0:0:0:0:0:1 - - [19/Feb/2019:01:24:52 +0530] "GET /TwadWeb/paymentPendingList.do HTTP/1.1" 200 17754
0:0:0:0:0:0:0:1 - - [19/Feb/2019:01:24:52 +0530] "GET /TwadWeb/assets/plugins/dataTables/jquery.dataTables.js HTTP/1.1" 404 2620
0:0:0:0:0:0:0:1 - - [19/Feb/2019:01:24:52 +0530] "GET /TwadWeb/assets/plugins/dataTables/dataTables.bootstrap.js HTTP/1.1" 404 2620
0:0:0:0:0:0:0:1 - - [19/Feb/2019:01:24:52 +0530] "GET /TwadWeb/assets/plugins/dataTables/jquery.dataTables.js HTTP/1.1" 404 2620
0:0:0:0:0:0:0:1 - - [19/Feb/2019:01:24:53 +0530] "GET /TwadWeb/assets/plugins/dataTables/dataTables.bootstrap.js HTTP/1.1" 404 2620
127.0.0.1 - - [19/Feb/2019:01:24:55 +0530] "POST /TwadService/Services/DashboardService/getPaymentDashboardCount HTTP/1.1" 200 12
127.0.0.1 - - [19/Feb/2019:01:24:55 +0530] "POST /TwadService/Services/DashboardService/getPublicDashboardCount HTTP/1.1" 200 12
0:0:0:0:0:0:0:1 - - [19/Feb/2019:01:24:55 +0530] "GET /TwadWeb/paymentDashboard.do HTTP/1.1" 200 18901
127.0.0.1 - - [19/Feb/2019:01:25:56 +0530] "POST /TwadService/Services/DashboardService/getPaymentDashboardCount HTTP/1.1" 200 12
127.0.0.1 - - [19/Feb/2019:01:25:56 +0530] "POST /TwadService/Services/DashboardService/getPublicDashboardCount HTTP/1.1" 200 12
0:0:0:0:0:0:0:1 - - [19/Feb/2019:01:25:56 +0530] "GET /TwadWeb/paymentDashboard.do HTTP/1.1" 200 18901
127.0.0.1 - - [19/Feb/2019:01:26:56 +0530] "POST /TwadService/Services/DashboardService/getPaymentDashboardCount HTTP/1.1" 200 12
127.0.0.1 - - [19/Feb/2019:01:26:56 +0530] "POST /TwadService/Services/DashboardService/getPublicDashboardCount HTTP/1.1" 200 12
0:0:0:0:0:0:0:1 - - [19/Feb/2019:01:26:56 +0530] "GET /TwadWeb/paymentDashboard.do HTTP/1.1" 200 18901
127.0.0.1 - - [19/Feb/2019:01:27:57 +0530] "POST /TwadService/Services/DashboardService/getPaymentDashboardCount HTTP/1.1" 200 12
127.0.0.1 - - [19/Feb/2019:01:27:57 +0530] "POST /TwadService/Services/DashboardService/getPublicDashboardCount HTTP/1.1" 200 12
0:0:0:0:0:0:0:1 - - [19/Feb/2019:01:27:57 +0530] "GET /TwadWeb/paymentDashboard.do HTTP/1.1" 200 18901
127.0.0.1 - - [19/Feb/2019:01:28:57 +0530] "POST /TwadService/Services/DashboardService/getPaymentDashboardCount HTTP/1.1" 200 12
127.0.0.1 - - [19/Feb/2019:01:28:57 +0530] "POST /TwadService/Services/DashboardService/getPublicDashboardCount HTTP/1.1" 200 12
0:0:0:0:0:0:0:1 - - [19/Feb/2019:01:28:57 +0530] "GET /TwadWeb/paymentDashboard.do HTTP/1.1" 200 18901
127.0.0.1 - - [19/Feb/2019:01:29:57 +0530] "POST /TwadService/Services/DashboardService/getPaymentDashboardCount HTTP/1.1" 200 12
127.0.0.1 - - [19/Feb/2019:01:29:57 +0530] "POST /TwadService/Services/DashboardService/getPublicDashboardCount HTTP/1.1" 200 12
0:0:0:0:0:0:0:1 - - [19/Feb/2019:01:29:58 +0530] "GET /TwadWeb/paymentDashboard.do HTTP/1.1" 200 19578
127.0.0.1 - - [19/Feb/2019:01:30:47 +0530] "POST /TwadService/Services/DashboardService/getPaymentDashboardCount HTTP/1.1" 200 12
127.0.0.1 - - [19/Feb/2019:01:30:47 +0530] "POST /TwadService/Services/DashboardService/getPublicDashboardCount HTTP/1.1" 200 12
0:0:0:0:0:0:0:1 - - [19/Feb/2019:01:30:47 +0530] "GET /TwadWeb/paymentDashboard.do HTTP/1.1" 200 19726
127.0.0.1 - - [19/Feb/2019:01:30:50 +0530] "GET /TwadService/Services/DashboardService/paymentRejectedList HTTP/1.1" 200 283
0:0:0:0:0:0:0:1 - - [19/Feb/2019:01:30:50 +0530] "GET /TwadWeb/paymentRejectedList.do HTTP/1.1" 200 18422
0:0:0:0:0:0:0:1 - - [19/Feb/2019:01:30:50 +0530] "GET /TwadWeb/assets/plugins/dataTables/jquery.dataTables.js HTTP/1.1" 404 2620
0:0:0:0:0:0:0:1 - - [19/Feb/2019:01:30:50 +0530] "GET /TwadWeb/assets/plugins/dataTables/dataTables.bootstrap.js HTTP/1.1" 404 2620
0:0:0:0:0:0:0:1 - - [19/Feb/2019:01:30:50 +0530] "GET /TwadWeb/assets/plugins/dataTables/jquery.dataTables.js HTTP/1.1" 404 2620
0:0:0:0:0:0:0:1 - - [19/Feb/2019:01:30:50 +0530] "GET /TwadWeb/assets/plugins/dataTables/dataTables.bootstrap.js HTTP/1.1" 404 2620
127.0.0.1 - - [19/Feb/2019:01:30:53 +0530] "GET /TwadService/Services/DashboardService/paymentApprovedList HTTP/1.1" 200 284
0:0:0:0:0:0:0:1 - - [19/Feb/2019:01:30:53 +0530] "GET /TwadWeb/paymentApprovedList.do HTTP/1.1" 200 18426
0:0:0:0:0:0:0:1 - - [19/Feb/2019:01:30:53 +0530] "GET /TwadWeb/assets/plugins/dataTables/dataTables.bootstrap.js HTTP/1.1" 404 2620
0:0:0:0:0:0:0:1 - - [19/Feb/2019:01:30:53 +0530] "GET /TwadWeb/assets/plugins/dataTables/jquery.dataTables.js HTTP/1.1" 404 2620
0:0:0:0:0:0:0:1 - - [19/Feb/2019:01:30:53 +0530] "GET /TwadWeb/assets/plugins/dataTables/jquery.dataTables.js HTTP/1.1" 404 2620
0:0:0:0:0:0:0:1 - - [19/Feb/2019:01:30:53 +0530] "GET /TwadWeb/assets/plugins/dataTables/dataTables.bootstrap.js HTTP/1.1" 404 2620
127.0.0.1 - - [19/Feb/2019:01:30:57 +0530] "GET /TwadService/Services/DashboardService/ddPaymentViewAllList HTTP/1.1" 200 554
0:0:0:0:0:0:0:1 - - [19/Feb/2019:01:30:57 +0530] "GET /TwadWeb/paymentViewAll.do HTTP/1.1" 200 19277
0:0:0:0:0:0:0:1 - - [19/Feb/2019:01:30:57 +0530] "GET /TwadWeb/assets/plugins/dataTables/dataTables.bootstrap.js HTTP/1.1" 404 2620
0:0:0:0:0:0:0:1 - - [19/Feb/2019:01:30:57 +0530] "GET /TwadWeb/assets/plugins/dataTables/jquery.dataTables.js HTTP/1.1" 404 2620
0:0:0:0:0:0:0:1 - - [19/Feb/2019:01:30:57 +0530] "GET /TwadWeb/assets/plugins/dataTables/jquery.dataTables.js HTTP/1.1" 404 2620
0:0:0:0:0:0:0:1 - - [19/Feb/2019:01:30:57 +0530] "GET /TwadWeb/assets/plugins/dataTables/dataTables.bootstrap.js HTTP/1.1" 404 2620
127.0.0.1 - - [19/Feb/2019:01:31:00 +0530] "POST /TwadService/Services/DashboardService/paymentPendingList HTTP/1.1" 200 12
0:0:0:0:0:0:0:1 - - [19/Feb/2019:01:31:00 +0530] "GET /TwadWeb/paymentPendingList.do HTTP/1.1" 200 18579
0:0:0:0:0:0:0:1 - - [19/Feb/2019:01:31:00 +0530] "GET /TwadWeb/assets/plugins/dataTables/jquery.dataTables.js HTTP/1.1" 404 2620
0:0:0:0:0:0:0:1 - - [19/Feb/2019:01:31:00 +0530] "GET /TwadWeb/assets/plugins/dataTables/dataTables.bootstrap.js HTTP/1.1" 404 2620
0:0:0:0:0:0:0:1 - - [19/Feb/2019:01:31:00 +0530] "GET /TwadWeb/assets/plugins/dataTables/jquery.dataTables.js HTTP/1.1" 404 2620
0:0:0:0:0:0:0:1 - - [19/Feb/2019:01:31:00 +0530] "GET /TwadWeb/assets/plugins/dataTables/dataTables.bootstrap.js HTTP/1.1" 404 2620
127.0.0.1 - - [19/Feb/2019:01:32:09 +0530] "POST /TwadService/Services/DashboardService/paymentPendingList HTTP/1.1" 200 12
0:0:0:0:0:0:0:1 - - [19/Feb/2019:01:32:09 +0530] "GET /TwadWeb/paymentPendingList.do HTTP/1.1" 200 18579
0:0:0:0:0:0:0:1 - - [19/Feb/2019:01:32:09 +0530] "GET /TwadWeb/assets/plugins/dataTables/dataTables.bootstrap.js HTTP/1.1" 404 2620
0:0:0:0:0:0:0:1 - - [19/Feb/2019:01:32:09 +0530] "GET /TwadWeb/assets/plugins/dataTables/jquery.dataTables.js HTTP/1.1" 404 2620
0:0:0:0:0:0:0:1 - - [19/Feb/2019:01:32:10 +0530] "GET /TwadWeb/assets/plugins/dataTables/jquery.dataTables.js HTTP/1.1" 404 2620
0:0:0:0:0:0:0:1 - - [19/Feb/2019:01:32:10 +0530] "GET /TwadWeb/assets/plugins/dataTables/dataTables.bootstrap.js HTTP/1.1" 404 2620
127.0.0.1 - - [19/Feb/2019:01:32:18 +0530] "GET /TwadService/Services/DashboardService/paymentApprovedList HTTP/1.1" 200 284
0:0:0:0:0:0:0:1 - - [19/Feb/2019:01:32:18 +0530] "GET /TwadWeb/paymentApprovedList.do HTTP/1.1" 200 18426
0:0:0:0:0:0:0:1 - - [19/Feb/2019:01:32:18 +0530] "GET /TwadWeb/assets/plugins/dataTables/dataTables.bootstrap.js HTTP/1.1" 404 2620
0:0:0:0:0:0:0:1 - - [19/Feb/2019:01:32:18 +0530] "GET /TwadWeb/assets/plugins/dataTables/jquery.dataTables.js HTTP/1.1" 404 2620
0:0:0:0:0:0:0:1 - - [19/Feb/2019:01:32:18 +0530] "GET /TwadWeb/assets/plugins/dataTables/jquery.dataTables.js HTTP/1.1" 404 2620
0:0:0:0:0:0:0:1 - - [19/Feb/2019:01:32:18 +0530] "GET /TwadWeb/assets/plugins/dataTables/dataTables.bootstrap.js HTTP/1.1" 404 2620
127.0.0.1 - - [19/Feb/2019:01:32:22 +0530] "POST /TwadService/Services/DashboardService/getPaymentDashboardCount HTTP/1.1" 200 12
127.0.0.1 - - [19/Feb/2019:01:32:22 +0530] "POST /TwadService/Services/DashboardService/getPublicDashboardCount HTTP/1.1" 200 12
0:0:0:0:0:0:0:1 - - [19/Feb/2019:01:32:22 +0530] "GET /TwadWeb/paymentDashboard.do HTTP/1.1" 200 19726
127.0.0.1 - - [19/Feb/2019:01:32:25 +0530] "POST /TwadService/Services/DashboardService/paymentPendingList HTTP/1.1" 200 12
0:0:0:0:0:0:0:1 - - [19/Feb/2019:01:32:25 +0530] "GET /TwadWeb/paymentPendingList.do HTTP/1.1" 200 18579
0:0:0:0:0:0:0:1 - - [19/Feb/2019:01:32:25 +0530] "GET /TwadWeb/assets/plugins/dataTables/jquery.dataTables.js HTTP/1.1" 404 2620
0:0:0:0:0:0:0:1 - - [19/Feb/2019:01:32:25 +0530] "GET /TwadWeb/assets/plugins/dataTables/dataTables.bootstrap.js HTTP/1.1" 404 2620
0:0:0:0:0:0:0:1 - - [19/Feb/2019:01:32:25 +0530] "GET /TwadWeb/assets/plugins/dataTables/jquery.dataTables.js HTTP/1.1" 404 2620
0:0:0:0:0:0:0:1 - - [19/Feb/2019:01:32:25 +0530] "GET /TwadWeb/assets/plugins/dataTables/dataTables.bootstrap.js HTTP/1.1" 404 2620
127.0.0.1 - - [19/Feb/2019:01:33:51 +0530] "POST /TwadService/Services/DashboardService/getPaymentDashboardCount HTTP/1.1" 200 12
127.0.0.1 - - [19/Feb/2019:01:33:51 +0530] "POST /TwadService/Services/DashboardService/getPublicDashboardCount HTTP/1.1" 200 12
0:0:0:0:0:0:0:1 - - [19/Feb/2019:01:33:51 +0530] "GET /TwadWeb/paymentDashboard.do HTTP/1.1" 200 19726
127.0.0.1 - - [19/Feb/2019:01:34:51 +0530] "POST /TwadService/Services/DashboardService/getPaymentDashboardCount HTTP/1.1" 200 12
127.0.0.1 - - [19/Feb/2019:01:34:51 +0530] "POST /TwadService/Services/DashboardService/getPublicDashboardCount HTTP/1.1" 200 12
0:0:0:0:0:0:0:1 - - [19/Feb/2019:01:34:51 +0530] "GET /TwadWeb/paymentDashboard.do HTTP/1.1" 200 19726
127.0.0.1 - - [19/Feb/2019:01:35:52 +0530] "POST /TwadService/Services/DashboardService/getPaymentDashboardCount HTTP/1.1" 200 12
127.0.0.1 - - [19/Feb/2019:01:35:52 +0530] "POST /TwadService/Services/DashboardService/getPublicDashboardCount HTTP/1.1" 200 12
0:0:0:0:0:0:0:1 - - [19/Feb/2019:01:35:52 +0530] "GET /TwadWeb/paymentDashboard.do HTTP/1.1" 200 19726
127.0.0.1 - - [19/Feb/2019:19:41:06 +0530] "GET / HTTP/1.1" 404 951
0:0:0:0:0:0:0:1 - - [19/Feb/2019:19:41:07 +0530] "GET /TwadWeb/ HTTP/1.1" 200 13126
0:0:0:0:0:0:0:1 - - [19/Feb/2019:19:41:08 +0530] "GET /TwadWeb/library/css/style.css HTTP/1.1" 304 -
0:0:0:0:0:0:0:1 - - [19/Feb/2019:19:41:08 +0530] "GET /TwadWeb/library/img/twad_logo.gif HTTP/1.1" 304 -
0:0:0:0:0:0:0:1 - - [19/Feb/2019:19:41:08 +0530] "GET /TwadWeb/library/img/middleImage.png HTTP/1.1" 304 -
0:0:0:0:0:0:0:1 - - [19/Feb/2019:19:41:15 +0530] "GET /TwadWeb/adminLogin.do HTTP/1.1" 200 10185
0:0:0:0:0:0:0:1 - - [19/Feb/2019:19:41:15 +0530] "GET /TwadWeb/library/login/bootstrap.min.css HTTP/1.1" 304 -
0:0:0:0:0:0:0:1 - - [19/Feb/2019:19:41:15 +0530] "GET /TwadWeb/library/login/scree.css HTTP/1.1" 304 -
0:0:0:0:0:0:0:1 - - [19/Feb/2019:19:41:15 +0530] "GET /TwadWeb/library/login/jquery-ui.min.css HTTP/1.1" 304 -
0:0:0:0:0:0:0:1 - - [19/Feb/2019:19:41:15 +0530] "GET /TwadWeb/library/img/EC_logo.jpg HTTP/1.1" 304 -
127.0.0.1 - - [19/Feb/2019:19:41:25 +0530] "POST /TwadService/Services/EmployeeService/authenticateUser HTTP/1.1" 200 85
0:0:0:0:0:0:0:1 - - [19/Feb/2019:19:41:25 +0530] "POST /TwadWeb/validate.do HTTP/1.1" 302 -
127.0.0.1 - - [19/Feb/2019:19:41:26 +0530] "POST /TwadService/Services/DashboardService/getPaymentDashboardCount HTTP/1.1" 200 12
127.0.0.1 - - [19/Feb/2019:19:41:26 +0530] "POST /TwadService/Services/DashboardService/getPublicDashboardCount HTTP/1.1" 200 12
0:0:0:0:0:0:0:1 - - [19/Feb/2019:19:41:27 +0530] "GET /TwadWeb/paymentDashboard.do HTTP/1.1" 200 19726
0:0:0:0:0:0:0:1 - - [19/Feb/2019:19:41:27 +0530] "GET /TwadWeb/library/css/bootstrap-responsive.css HTTP/1.1" 304 -
0:0:0:0:0:0:0:1 - - [19/Feb/2019:19:41:27 +0530] "GET /TwadWeb/library/css/dataTables.responsive.css HTTP/1.1" 304 -
0:0:0:0:0:0:0:1 - - [19/Feb/2019:19:41:27 +0530] "GET /TwadWeb/library/graph/styles/jChartFX%20Palettes/chartfx6.css HTTP/1.1" 304 -
0:0:0:0:0:0:0:1 - - [19/Feb/2019:19:41:27 +0530] "GET /TwadWeb/library/css/jquery.dataTables.css HTTP/1.1" 304 -
0:0:0:0:0:0:0:1 - - [19/Feb/2019:19:41:27 +0530] "GET /TwadWeb/library/css/chosen.css HTTP/1.1" 304 -
0:0:0:0:0:0:0:1 - - [19/Feb/2019:19:41:27 +0530] "GET /TwadWeb/JS/complaints/menu.js HTTP/1.1" 304 -
0:0:0:0:0:0:0:1 - - [19/Feb/2019:19:41:27 +0530] "GET /TwadWeb/library/css/uniform.default.css HTTP/1.1" 304 -
0:0:0:0:0:0:0:1 - - [19/Feb/2019:19:41:27 +0530] "GET /TwadWeb/library/css/jQueryTable.css HTTP/1.1" 304 -
0:0:0:0:0:0:0:1 - - [19/Feb/2019:19:41:27 +0530] "GET /TwadWeb/library/css/bootstrap-cerulean.css HTTP/1.1" 304 -
0:0:0:0:0:0:0:1 - - [19/Feb/2019:19:41:27 +0530] "GET /TwadWeb/library/img/logout.png HTTP/1.1" 304 -
0:0:0:0:0:0:0:1 - - [19/Feb/2019:19:41:27 +0530] "GET /TwadWeb/library/assets/plugins/validationengine/css/validationEngine.jquery.css HTTP/1.1" 304 -
0:0:0:0:0:0:0:1 - - [19/Feb/2019:19:41:27 +0530] "GET /TwadWeb/library/graph/DashBoardChart.js HTTP/1.1" 304 -
0:0:0:0:0:0:0:1 - - [19/Feb/2019:19:41:27 +0530] "GET /TwadWeb/library/graph/js/jchartfx.animation.js HTTP/1.1" 304 -
0:0:0:0:0:0:0:1 - - [19/Feb/2019:19:41:27 +0530] "GET /TwadWeb/library/graph/js/jchartfx.coreVector.js HTTP/1.1" 304 -
0:0:0:0:0:0:0:1 - - [19/Feb/2019:19:41:27 +0530] "GET /TwadWeb/library/graph/js/jchartfx.system.js HTTP/1.1" 304 -
0:0:0:0:0:0:0:1 - - [19/Feb/2019:19:41:27 +0530] "GET /TwadWeb/library/graph/js/jchartfx.advanced.js HTTP/1.1" 304 -
0:0:0:0:0:0:0:1 - - [19/Feb/2019:19:41:27 +0530] "GET /TwadWeb/library/img/progress.gif HTTP/1.1" 304 -
127.0.0.1 - - [19/Feb/2019:19:41:34 +0530] "POST /TwadService/Services/DashboardService/paymentPendingList HTTP/1.1" 200 12
0:0:0:0:0:0:0:1 - - [19/Feb/2019:19:41:34 +0530] "GET /TwadWeb/paymentPendingList.do HTTP/1.1" 200 18579
0:0:0:0:0:0:0:1 - - [19/Feb/2019:19:41:34 +0530] "GET /TwadWeb/JS/complaints/searchComplaints.js HTTP/1.1" 304 -
0:0:0:0:0:0:0:1 - - [19/Feb/2019:19:41:34 +0530] "GET /TwadWeb/assets/plugins/dataTables/jquery.dataTables.js HTTP/1.1" 404 2620
0:0:0:0:0:0:0:1 - - [19/Feb/2019:19:41:34 +0530] "GET /TwadWeb/assets/plugins/dataTables/dataTables.bootstrap.js HTTP/1.1" 404 2620
0:0:0:0:0:0:0:1 - - [19/Feb/2019:19:41:34 +0530] "GET /TwadWeb/assets/plugins/dataTables/jquery.dataTables.js HTTP/1.1" 404 2620
0:0:0:0:0:0:0:1 - - [19/Feb/2019:19:41:34 +0530] "GET /TwadWeb/assets/plugins/dataTables/dataTables.bootstrap.js HTTP/1.1" 404 2620
0:0:0:0:0:0:0:1 - - [19/Feb/2019:19:41:34 +0530] "GET /TwadWeb/library/assets/plugins/images/sort_asc.png HTTP/1.1" 404 2620
0:0:0:0:0:0:0:1 - - [19/Feb/2019:19:41:34 +0530] "GET /TwadWeb/library/assets/plugins/Font-Awesome/font/fontawesome-webfont.woff?v=3.2.1 HTTP/1.1" 304 -
127.0.0.1 - - [19/Feb/2019:19:41:38 +0530] "GET /TwadService/Services/DashboardService/paymentRejectedList HTTP/1.1" 200 283
0:0:0:0:0:0:0:1 - - [19/Feb/2019:19:41:38 +0530] "GET /TwadWeb/paymentRejectedList.do HTTP/1.1" 200 18422
0:0:0:0:0:0:0:1 - - [19/Feb/2019:19:41:38 +0530] "GET /TwadWeb/assets/plugins/dataTables/jquery.dataTables.js HTTP/1.1" 404 2620
0:0:0:0:0:0:0:1 - - [19/Feb/2019:19:41:38 +0530] "GET /TwadWeb/assets/plugins/dataTables/dataTables.bootstrap.js HTTP/1.1" 404 2620
0:0:0:0:0:0:0:1 - - [19/Feb/2019:19:41:38 +0530] "GET /TwadWeb/assets/plugins/dataTables/jquery.dataTables.js HTTP/1.1" 404 2620
0:0:0:0:0:0:0:1 - - [19/Feb/2019:19:41:38 +0530] "GET /TwadWeb/assets/plugins/dataTables/dataTables.bootstrap.js HTTP/1.1" 404 2620
0:0:0:0:0:0:0:1 - - [19/Feb/2019:19:41:38 +0530] "GET /TwadWeb/library/assets/plugins/images/sort_both.png HTTP/1.1" 404 2620
0:0:0:0:0:0:0:1 - - [19/Feb/2019:19:41:38 +0530] "GET /TwadWeb/library/assets/plugins/images/sort_asc.png HTTP/1.1" 404 2620
0:0:0:0:0:0:0:1 - - [19/Feb/2019:19:41:41 +0530] "GET /TwadWeb/PaymentViewForm.do?appId=WI20190002 HTTP/1.1" 404 2620
0:0:0:0:0:0:0:1 - - [19/Feb/2019:19:42:45 +0530] "GET /TwadWeb/PaymentViewForm.do?appId=WI20190002 HTTP/1.1" 404 2620
0:0:0:0:0:0:0:1 - - [19/Feb/2019:19:43:01 +0530] "GET /TwadWeb/PaymentViewForm.do?appId=WI20190002 HTTP/1.1" 404 2620
127.0.0.1 - - [19/Feb/2019:19:44:02 +0530] "GET / HTTP/1.1" 404 951
0:0:0:0:0:0:0:1 - - [19/Feb/2019:19:44:31 +0530] "GET /TwadWeb/PaymentViewForm.do?appId=WI20190002 HTTP/1.1" 404 2620
0:0:0:0:0:0:0:1 - - [19/Feb/2019:19:44:53 +0530] "GET /TwadWeb/paymentViewForm.do?appId=WI20190002 HTTP/1.1" 405 1045
127.0.0.1 - - [19/Feb/2019:19:46:10 +0530] "POST /TwadService/Services/DashboardService/paymentViewForm HTTP/1.1" 405 -
0:0:0:0:0:0:0:1 - - [19/Feb/2019:19:46:10 +0530] "GET /TwadWeb/paymentViewForm.do?appId=WI20190002 HTTP/1.1" 500 2620
127.0.0.1 - - [19/Feb/2019:19:47:11 +0530] "POST /TwadService/Services/DashboardService/paymentViewForm HTTP/1.1" 200 12
0:0:0:0:0:0:0:1 - - [19/Feb/2019:19:47:12 +0530] "GET /TwadWeb/paymentViewForm.do?appId=WI20190002 HTTP/1.1" 500 2620
127.0.0.1 - - [19/Feb/2019:21:45:38 +0530] "GET / HTTP/1.1" 404 951
0:0:0:0:0:0:0:1 - - [19/Feb/2019:21:45:39 +0530] "GET /TwadWeb/ HTTP/1.1" 200 13126
0:0:0:0:0:0:0:1 - - [19/Feb/2019:21:45:42 +0530] "GET /TwadWeb/adminLogin.do HTTP/1.1" 200 10185
127.0.0.1 - - [19/Feb/2019:21:45:48 +0530] "POST /TwadService/Services/EmployeeService/authenticateUser HTTP/1.1" 200 85
0:0:0:0:0:0:0:1 - - [19/Feb/2019:21:45:48 +0530] "POST /TwadWeb/validate.do HTTP/1.1" 302 -
127.0.0.1 - - [19/Feb/2019:21:45:48 +0530] "POST /TwadService/Services/DashboardService/getPaymentDashboardCount HTTP/1.1" 200 12
127.0.0.1 - - [19/Feb/2019:21:45:48 +0530] "POST /TwadService/Services/DashboardService/getPublicDashboardCount HTTP/1.1" 200 12
0:0:0:0:0:0:0:1 - - [19/Feb/2019:21:45:48 +0530] "GET /TwadWeb/paymentDashboard.do HTTP/1.1" 200 19726
127.0.0.1 - - [19/Feb/2019:21:45:52 +0530] "POST /TwadService/Services/DashboardService/paymentPendingList HTTP/1.1" 200 12
0:0:0:0:0:0:0:1 - - [19/Feb/2019:21:45:52 +0530] "GET /TwadWeb/paymentPendingList.do HTTP/1.1" 200 18579
0:0:0:0:0:0:0:1 - - [19/Feb/2019:21:45:52 +0530] "GET /TwadWeb/assets/plugins/dataTables/jquery.dataTables.js HTTP/1.1" 404 2620
0:0:0:0:0:0:0:1 - - [19/Feb/2019:21:45:53 +0530] "GET /TwadWeb/assets/plugins/dataTables/dataTables.bootstrap.js HTTP/1.1" 404 2620
0:0:0:0:0:0:0:1 - - [19/Feb/2019:21:45:53 +0530] "GET /TwadWeb/assets/plugins/dataTables/jquery.dataTables.js HTTP/1.1" 404 2620
0:0:0:0:0:0:0:1 - - [19/Feb/2019:21:45:53 +0530] "GET /TwadWeb/assets/plugins/dataTables/dataTables.bootstrap.js HTTP/1.1" 404 2620
0:0:0:0:0:0:0:1 - - [19/Feb/2019:21:45:53 +0530] "GET /TwadWeb/library/assets/plugins/images/sort_asc.png HTTP/1.1" 404 2620
127.0.0.1 - - [19/Feb/2019:21:45:54 +0530] "GET /TwadService/Services/DashboardService/paymentRejectedList HTTP/1.1" 200 283
0:0:0:0:0:0:0:1 - - [19/Feb/2019:21:45:54 +0530] "GET /TwadWeb/paymentRejectedList.do HTTP/1.1" 200 18422
0:0:0:0:0:0:0:1 - - [19/Feb/2019:21:45:54 +0530] "GET /TwadWeb/assets/plugins/dataTables/dataTables.bootstrap.js HTTP/1.1" 404 2620
0:0:0:0:0:0:0:1 - - [19/Feb/2019:21:45:54 +0530] "GET /TwadWeb/assets/plugins/dataTables/jquery.dataTables.js HTTP/1.1" 404 2620
0:0:0:0:0:0:0:1 - - [19/Feb/2019:21:45:55 +0530] "GET /TwadWeb/assets/plugins/dataTables/jquery.dataTables.js HTTP/1.1" 404 2620
0:0:0:0:0:0:0:1 - - [19/Feb/2019:21:45:55 +0530] "GET /TwadWeb/assets/plugins/dataTables/dataTables.bootstrap.js HTTP/1.1" 404 2620
0:0:0:0:0:0:0:1 - - [19/Feb/2019:21:45:55 +0530] "GET /TwadWeb/library/assets/plugins/images/sort_both.png HTTP/1.1" 404 2620
0:0:0:0:0:0:0:1 - - [19/Feb/2019:21:45:55 +0530] "GET /TwadWeb/library/assets/plugins/images/sort_asc.png HTTP/1.1" 404 2620
127.0.0.1 - - [19/Feb/2019:21:45:57 +0530] "GET /TwadService/Services/DashboardService/paymentApprovedList HTTP/1.1" 200 284
0:0:0:0:0:0:0:1 - - [19/Feb/2019:21:45:57 +0530] "GET /TwadWeb/paymentApprovedList.do HTTP/1.1" 200 18426
0:0:0:0:0:0:0:1 - - [19/Feb/2019:21:45:57 +0530] "GET /TwadWeb/assets/plugins/dataTables/jquery.dataTables.js HTTP/1.1" 404 2620
0:0:0:0:0:0:0:1 - - [19/Feb/2019:21:45:57 +0530] "GET /TwadWeb/assets/plugins/dataTables/dataTables.bootstrap.js HTTP/1.1" 404 2620
0:0:0:0:0:0:0:1 - - [19/Feb/2019:21:45:57 +0530] "GET /TwadWeb/assets/plugins/dataTables/jquery.dataTables.js HTTP/1.1" 404 2620
0:0:0:0:0:0:0:1 - - [19/Feb/2019:21:45:57 +0530] "GET /TwadWeb/assets/plugins/dataTables/dataTables.bootstrap.js HTTP/1.1" 404 2620
127.0.0.1 - - [19/Feb/2019:21:46:00 +0530] "GET /TwadService/Services/DashboardService/ddPaymentViewAllList HTTP/1.1" 200 554
0:0:0:0:0:0:0:1 - - [19/Feb/2019:21:46:00 +0530] "GET /TwadWeb/paymentViewAll.do HTTP/1.1" 200 19277
0:0:0:0:0:0:0:1 - - [19/Feb/2019:21:46:00 +0530] "GET /TwadWeb/assets/plugins/dataTables/jquery.dataTables.js HTTP/1.1" 404 2620
0:0:0:0:0:0:0:1 - - [19/Feb/2019:21:46:00 +0530] "GET /TwadWeb/assets/plugins/dataTables/dataTables.bootstrap.js HTTP/1.1" 404 2620
0:0:0:0:0:0:0:1 - - [19/Feb/2019:21:46:00 +0530] "GET /TwadWeb/assets/plugins/dataTables/jquery.dataTables.js HTTP/1.1" 404 2620
0:0:0:0:0:0:0:1 - - [19/Feb/2019:21:46:00 +0530] "GET /TwadWeb/assets/plugins/dataTables/dataTables.bootstrap.js HTTP/1.1" 404 2620
0:0:0:0:0:0:0:1 - - [19/Feb/2019:21:46:04 +0530] "GET /TwadWeb/PaymentViewForm.do?appId=WI20190002 HTTP/1.1" 404 2620
0:0:0:0:0:0:0:1 - - [19/Feb/2019:21:46:13 +0530] "GET /TwadWeb/PaymentViewForm.do?appId=WI20190002 HTTP/1.1" 404 2620
127.0.0.1 - - [19/Feb/2019:21:46:20 +0530] "POST /TwadService/Services/DashboardService/paymentViewForm HTTP/1.1" 200 12
0:0:0:0:0:0:0:1 - - [19/Feb/2019:21:46:21 +0530] "GET /TwadWeb/paymentViewForm.do?appId=WI20190002 HTTP/1.1" 500 2620
127.0.0.1 - - [19/Feb/2019:21:50:35 +0530] "POST /TwadService/Services/DashboardService/paymentViewForm HTTP/1.1" 200 12
0:0:0:0:0:0:0:1 - - [19/Feb/2019:21:50:35 +0530] "GET /TwadWeb/paymentViewForm.do?appId=WI20190002 HTTP/1.1" 500 2620
127.0.0.1 - - [19/Feb/2019:21:54:00 +0530] "POST /TwadService/Services/DashboardService/paymentViewForm HTTP/1.1" 200 12
0:0:0:0:0:0:0:1 - - [19/Feb/2019:21:54:00 +0530] "GET /TwadWeb/paymentViewForm.do?appId=WI20190002 HTTP/1.1" 200 16790
0:0:0:0:0:0:0:1 - - [19/Feb/2019:21:54:00 +0530] "GET /TwadWeb/assets/css/theme.css HTTP/1.1" 404 2620
0:0:0:0:0:0:0:1 - - [19/Feb/2019:21:54:00 +0530] "GET /TwadWeb/assets/css/MoneAdmin.css HTTP/1.1" 404 2620
